Mono path[0] = 'D:/unity_projects/OpenEmpires/Open Empires/Builds/SinglePlayerRelease-Windows-20261009/OpenEmpires_Data/Managed'
Mono config path = 'D:/unity_projects/OpenEmpires/Open Empires/Builds/SinglePlayerRelease-Windows-20261009/MonoBleedingEdge/etc'
CodeReloadManager initialized
Input System module state changed to: Initialized.
[Physics::Module] Initialized fallback backend.
[Physics::Module] Id: 0xdecafbad
Loading player data from D:/unity_projects/OpenEmpires/Open Empires/Builds/SinglePlayerRelease-Windows-20261009/OpenEmpires_Data/data.unity3d
Initialize engine version: 6000.5.9f1 (b57deb96f08d)
[Subsystems] Discovering subsystems at path D:/unity_projects/OpenEmpires/Open Empires/Builds/SinglePlayerRelease-Windows-20261009/OpenEmpires_Data/UnitySubsystems
Forcing GfxDevice: Null
GfxDevice: creating device client; kGfxThreadingModeNonThreaded
NullGfxDevice:
    Version:  NULL 1.0 [1.0]
    Renderer: Null Device
    Vendor:   Unity Technologies
Begin MonoManager ReloadAssembly
- Finished resetting the current domain, in  1.285 seconds
[Physics::Module] Selected backend.
[Physics::Module] Name: PhysX
[Physics::Module] Id: 0xf2b8ea05
[Physics::Module] SDK Version: 4.1.2
[Physics::Module] Integration Version: 1.0.0
[Physics::Module] Threading Mode: Multi-Threaded
Microsoft Media Foundation video decoding to texture disabled: graphics device is Null, only Direct3D 11 and Direct3D 12 (only on desktop) are supported for hardware-accelerated video decoding.
UnloadTime: 3.441900 ms
No SRP present, no compute shader support, or running with -nographics. Mesh Deformation Systems disabled.
No SRP present, no compute shader support, or running with -nographics. Mesh Deformation Systems disabled.
No SRP present, no compute shader support, or running with -nographics. Mesh Deformation Systems disabled.
Warning: No Graphics Device found. Deformation systems will not run.
No SRP present, no compute shader support, or running with -nographics. Mesh Deformation Systems disabled.
No SRP present, no compute shader support, or running with -nographics. Entities Graphics package disabled
[SFXManager] Thud fallback loaded: True
[SFXManager] Loading SFX/Buildings/Mill: True
[SFXManager] Loading SFX/Buildings/Blacksmith: True
[SFXManager] Loading SFX/Buildings/ArcheryRange: True
[SFXManager] Loading SFX/Buildings/Stables: True
[SFXManager] Loading SFX/Buildings/Barracks: True
[SFXManager] Loading SFX/Buildings/House: True
[SFXManager] Loading SFX/Buildings/LumberYard: True
[SFXManager] WarDrum loaded: True
Curl error 28: Resolving timed out after 10000 milliseconds
Curl error 28: Resolving timed out after 10000 milliseconds
Curl error 28: Resolving timed out after 10000 milliseconds
Curl error 28: Resolving timed out after 10000 milliseconds
Curl error 28: Connection timeout after 10000 ms
Curl error 7: Failed to connect to openempires.onrender.com port 443 after 1461 ms: Could not connect to server
Curl error 7: Failed to connect to openempires-49g9.onrender.com port 443 after 1461 ms: Could not connect to server
Curl error 7: Failed to connect to openempires-virginia.onrender.com port 443 after 1595 ms: Could not connect to server
Curl error 7: Failed to connect to openempires-6f10.onrender.com port 443 after 3784 ms: Could not connect to server
PlayerPrefsException: Could not store preference value
  at UnityEngine.PlayerPrefs.SetInt (System.String key, System.Int32 value) [0x00013] in <78b8abfe2cc94360809513165a28ff6a>:0 
  at OpenEmpires.NetworkManager+<ProbeAllRegions>d__158.MoveNext () [0x003ac] in <5a033312e1244a17a37ac1589f86eee9>:0 
  at UnityEngine.SetupCoroutine.InvokeMoveNext (System.Collections.IEnumerator enumerator, System.IntPtr returnValueAddress) [0x00023] in <78b8abfe2cc94360809513165a28ff6a>:0 

Curl error 7: Failed to connect to openempires.onrender.com port 443 after 10 ms: Could not connect to server
Curl error 7: Failed to connect to openempires.onrender.com port 443 after 20 ms: Could not connect to server
Curl error 7: Failed to connect to openempires.onrender.com port 443 after 0 ms: Could not connect to server
Curl error 7: Failed to connect to openempires.onrender.com port 443 after 0 ms: Could not connect to server
